0:0:0:0:0:0:0:1 - - [30/Aug/2017:08:32:29 -0400] "POST /Bank/login HTTP/1.1" 404 1014
127.0.0.1 - - [30/Aug/2017:08:33:21 -0400] "GET / HTTP/1.1" 404 994
0:0:0:0:0:0:0:1 - - [30/Aug/2017:08:34:42 -0400] "POST /Bank/login HTTP/1.1" 404 1014
0:0:0:0:0:0:0:1 - - [30/Aug/2017:08:34:58 -0400] "GET /Bank/Login.html HTTP/1.1" 404 1024
0:0:0:0:0:0:0:1 - - [30/Aug/2017:08:35:22 -0400] "GET /Bank/login.html HTTP/1.1" 404 1024
0:0:0:0:0:0:0:1 - - [30/Aug/2017:08:38:43 -0400] "GET /Bank/Login.html HTTP/1.1" 404 1024
127.0.0.1 - - [30/Aug/2017:08:38:59 -0400] "GET / HTTP/1.1" 404 994
0:0:0:0:0:0:0:1 - - [30/Aug/2017:08:39:54 -0400] "GET /Bank/Login.html HTTP/1.1" 404 1024
0:0:0:0:0:0:0:1 - - [30/Aug/2017:08:40:21 -0400] "GET /Bank/login.html HTTP/1.1" 404 1024
127.0.0.1 - - [30/Aug/2017:08:44:02 -0400] "GET / HTTP/1.1" 404 994
0:0:0:0:0:0:0:1 - - [30/Aug/2017:08:44:03 -0400] "GET /Bank/login.html HTTP/1.1" 200 1413
0:0:0:0:0:0:0:1 - - [30/Aug/2017:08:44:35 -0400] "POST /Bank/login HTTP/1.1" 200 -
0:0:0:0:0:0:0:1 - - [30/Aug/2017:09:00:46 -0400] "POST /Bank/login HTTP/1.1" 200 -
127.0.0.1 - - [30/Aug/2017:09:01:04 -0400] "GET / HTTP/1.1" 404 994
0:0:0:0:0:0:0:1 - - [30/Aug/2017:09:01:05 -0400] "GET /Bank/login.html HTTP/1.1" 304 -
127.0.0.1 - - [30/Aug/2017:14:12:17 -0400] "GET / HTTP/1.1" 404 994
0:0:0:0:0:0:0:1 - - [30/Aug/2017:14:12:18 -0400] "GET /IntroToServlets/HelloWorld HTTP/1.1" 200 17
127.0.0.1 - - [30/Aug/2017:14:18:29 -0400] "GET / HTTP/1.1" 404 994
0:0:0:0:0:0:0:1 - - [30/Aug/2017:14:18:30 -0400] "GET /IntroToServlets/HelloWorld HTTP/1.1" 500 1732
127.0.0.1 - - [30/Aug/2017:14:19:20 -0400] "GET / HTTP/1.1" 404 994
0:0:0:0:0:0:0:1 - - [30/Aug/2017:14:19:22 -0400] "GET /IntroToServlets/HelloWorld HTTP/1.1" 200 66
127.0.0.1 - - [30/Aug/2017:14:22:40 -0400] "GET / HTTP/1.1" 404 994
0:0:0:0:0:0:0:1 - - [30/Aug/2017:14:22:41 -0400] "GET /IntroToServlets/HelloWorld HTTP/1.1" 200 70
127.0.0.1 - - [30/Aug/2017:14:43:38 -0400] "GET / HTTP/1.1" 404 994
0:0:0:0:0:0:0:1 - - [30/Aug/2017:14:43:39 -0400] "GET /IntroToServlets/register HTTP/1.1" 405 1108
0:0:0:0:0:0:0:1 - - [30/Aug/2017:14:44:03 -0400] "GET /IntroToServlets/login.html HTTP/1.1" 200 536
0:0:0:0:0:0:0:1 - - [30/Aug/2017:14:44:14 -0400] "POST /IntroToServlets/register HTTP/1.1" 200 25
0:0:0:0:0:0:0:1 - - [30/Aug/2017:14:45:36 -0400] "GET /IntroToServlets/login.html HTTP/1.1" 200 523
0:0:0:0:0:0:0:1 - - [30/Aug/2017:14:45:53 -0400] "GET /IntroToServlets/register?username=jat&pass=youwisg HTTP/1.1" 200 21
0:0:0:0:0:0:0:1 - - [30/Aug/2017:14:51:05 -0400] "GET /IntroToServlets/register HTTP/1.1" 200 22
127.0.0.1 - - [30/Aug/2017:14:51:44 -0400] "GET / HTTP/1.1" 404 994
0:0:0:0:0:0:0:1 - - [30/Aug/2017:14:51:45 -0400] "GET /IntroToServlets/login.html HTTP/1.1" 304 -
0:0:0:0:0:0:0:1 - - [30/Aug/2017:14:51:58 -0400] "GET /IntroToServlets/register?username=gb&pass=123 HTTP/1.1" 200 58
127.0.0.1 - - [30/Aug/2017:14:54:50 -0400] "GET / HTTP/1.1" 404 994
0:0:0:0:0:0:0:1 - - [30/Aug/2017:14:54:50 -0400] "GET /IntroToServlets/register HTTP/1.1" 200 23
0:0:0:0:0:0:0:1 - - [30/Aug/2017:14:55:54 -0400] "GET /IntroToServlets/login.html HTTP/1.1" 304 -
0:0:0:0:0:0:0:1 - - [30/Aug/2017:14:56:07 -0400] "GET /IntroToServlets/register?username=sup&pass=dude HTTP/1.1" 200 107
127.0.0.1 - - [30/Aug/2017:15:58:07 -0400] "GET / HTTP/1.1" 404 994
0:0:0:0:0:0:0:1 - - [30/Aug/2017:15:58:08 -0400] "GET /IntroToJS/HomeWorkView.html HTTP/1.1" 200 351
0:0:0:0:0:0:0:1 - - [30/Aug/2017:15:58:08 -0400] "GET /IntroToJS/JS/hw.js HTTP/1.1" 200 88
0:0:0:0:0:0:0:1 - - [30/Aug/2017:16:14:06 -0400] "GET /IntroToJS/JS/hw.js HTTP/1.1" 200 324
0:0:0:0:0:0:0:1 - - [30/Aug/2017:16:14:33 -0400] "GET /IntroToJS/JS/hw.js HTTP/1.1" 304 -
0:0:0:0:0:0:0:1 - - [30/Aug/2017:16:15:21 -0400] "GET /IntroToJS/JS/hw.js HTTP/1.1" 200 311
0:0:0:0:0:0:0:1 - - [30/Aug/2017:16:15:47 -0400] "GET /IntroToJS/HomeWorkView.html HTTP/1.1" 304 -
0:0:0:0:0:0:0:1 - - [30/Aug/2017:16:15:47 -0400] "GET /IntroToJS/JS/hw.js HTTP/1.1" 304 -
0:0:0:0:0:0:0:1 - - [30/Aug/2017:16:18:59 -0400] "GET /IntroToJS/HomeWorkView.html HTTP/1.1" 304 -
0:0:0:0:0:0:0:1 - - [30/Aug/2017:16:18:59 -0400] "GET /IntroToJS/JS/hw.js HTTP/1.1" 200 314
